[2026-04-10 16:29:30,564] [INFO] |||||||||||||||||||| PATIENT #0 ||||||||||||||||||||
[2026-04-10 16:29:30,564] [INFO] ==================== Max Interaction Length (0 turns) Reached --> Force Final Answer ====================
[2026-04-10 16:29:47,361] [INFO] [Expert System]: {'type': 'choice', 'letter_choice': 'C', 'confidence': 0, 'usage': {'input_tokens': 302, 'output_tokens': 2}}
[2026-04-10 16:29:47,361] [INFO] |||||||||||||||||||| Interaction ended for patient #0 ||||||||||||||||||||



[2026-04-10 16:29:47,362] [INFO] |||||||||||||||||||| PATIENT #1 ||||||||||||||||||||
[2026-04-10 16:29:47,362] [INFO] ==================== Max Interaction Length (0 turns) Reached --> Force Final Answer ====================
[2026-04-10 16:29:51,743] [INFO] [Expert System]: {'type': 'choice', 'letter_choice': 'A', 'confidence': 0, 'usage': {'input_tokens': 459, 'output_tokens': 2}}
[2026-04-10 16:29:51,743] [INFO] |||||||||||||||||||| Interaction ended for patient #1 ||||||||||||||||||||



[2026-04-10 16:29:51,743] [INFO] |||||||||||||||||||| PATIENT #2 ||||||||||||||||||||
[2026-04-10 16:29:51,744] [INFO] ==================== Max Interaction Length (0 turns) Reached --> Force Final Answer ====================
[2026-04-10 16:29:55,677] [INFO] [Expert System]: {'type': 'choice', 'letter_choice': 'B', 'confidence': 0, 'usage': {'input_tokens': 394, 'output_tokens': 2}}
[2026-04-10 16:29:55,677] [INFO] |||||||||||||||||||| Interaction ended for patient #2 ||||||||||||||||||||



[2026-04-10 16:29:55,677] [INFO] |||||||||||||||||||| PATIENT #3 ||||||||||||||||||||
[2026-04-10 16:29:55,677] [INFO] ==================== Max Interaction Length (0 turns) Reached --> Force Final Answer ====================
[2026-04-10 16:29:59,798] [INFO] [Expert System]: {'type': 'choice', 'letter_choice': 'B', 'confidence': 0, 'usage': {'input_tokens': 366, 'output_tokens': 2}}
[2026-04-10 16:29:59,798] [INFO] |||||||||||||||||||| Interaction ended for patient #3 ||||||||||||||||||||



[2026-04-10 16:29:59,799] [INFO] |||||||||||||||||||| PATIENT #4 ||||||||||||||||||||
[2026-04-10 16:29:59,799] [INFO] ==================== Max Interaction Length (0 turns) Reached --> Force Final Answer ====================
[2026-04-10 16:30:04,470] [INFO] [Expert System]: {'type': 'choice', 'letter_choice': 'A', 'confidence': 0, 'usage': {'input_tokens': 461, 'output_tokens': 2}}
[2026-04-10 16:30:04,470] [INFO] |||||||||||||||||||| Interaction ended for patient #4 ||||||||||||||||||||



[2026-04-10 16:30:04,471] [INFO] |||||||||||||||||||| PATIENT #5 ||||||||||||||||||||
[2026-04-10 16:30:04,471] [INFO] ==================== Max Interaction Length (0 turns) Reached --> Force Final Answer ====================
[2026-04-10 16:30:09,251] [INFO] [Expert System]: {'type': 'choice', 'letter_choice': 'C', 'confidence': 0, 'usage': {'input_tokens': 476, 'output_tokens': 2}}
[2026-04-10 16:30:09,251] [INFO] |||||||||||||||||||| Interaction ended for patient #5 ||||||||||||||||||||



[2026-04-10 16:30:09,252] [INFO] |||||||||||||||||||| PATIENT #6 ||||||||||||||||||||
[2026-04-10 16:30:09,252] [INFO] ==================== Max Interaction Length (0 turns) Reached --> Force Final Answer ====================
[2026-04-10 16:30:13,601] [INFO] [Expert System]: {'type': 'choice', 'letter_choice': 'D', 'confidence': 0, 'usage': {'input_tokens': 326, 'output_tokens': 2}}
[2026-04-10 16:30:13,601] [INFO] |||||||||||||||||||| Interaction ended for patient #6 ||||||||||||||||||||



[2026-04-10 16:30:13,601] [INFO] |||||||||||||||||||| PATIENT #7 ||||||||||||||||||||
[2026-04-10 16:30:13,601] [INFO] ==================== Max Interaction Length (0 turns) Reached --> Force Final Answer ====================
[2026-04-10 16:30:18,865] [INFO] [Expert System]: {'type': 'choice', 'letter_choice': 'B', 'confidence': 0, 'usage': {'input_tokens': 704, 'output_tokens': 2}}
[2026-04-10 16:30:18,865] [INFO] |||||||||||||||||||| Interaction ended for patient #7 ||||||||||||||||||||



[2026-04-10 16:30:18,865] [INFO] |||||||||||||||||||| PATIENT #8 ||||||||||||||||||||
[2026-04-10 16:30:18,865] [INFO] ==================== Max Interaction Length (0 turns) Reached --> Force Final Answer ====================
[2026-04-10 16:30:22,797] [INFO] [Expert System]: {'type': 'choice', 'letter_choice': 'A', 'confidence': 0, 'usage': {'input_tokens': 369, 'output_tokens': 2}}
[2026-04-10 16:30:22,797] [INFO] |||||||||||||||||||| Interaction ended for patient #8 ||||||||||||||||||||



[2026-04-10 16:30:22,797] [INFO] |||||||||||||||||||| PATIENT #9 ||||||||||||||||||||
[2026-04-10 16:30:22,797] [INFO] ==================== Max Interaction Length (0 turns) Reached --> Force Final Answer ====================
[2026-04-10 16:30:26,612] [INFO] [Expert System]: {'type': 'choice', 'letter_choice': 'A', 'confidence': 0, 'usage': {'input_tokens': 344, 'output_tokens': 2}}
[2026-04-10 16:30:26,612] [INFO] |||||||||||||||||||| Interaction ended for patient #9 ||||||||||||||||||||



[2026-04-10 16:30:26,612] [INFO] |||||||||||||||||||| PATIENT #10 ||||||||||||||||||||
[2026-04-10 16:30:26,612] [INFO] ==================== Max Interaction Length (0 turns) Reached --> Force Final Answer ====================
[2026-04-10 16:30:30,978] [INFO] [Expert System]: {'type': 'choice', 'letter_choice': 'B', 'confidence': 0, 'usage': {'input_tokens': 416, 'output_tokens': 2}}
[2026-04-10 16:30:30,978] [INFO] |||||||||||||||||||| Interaction ended for patient #10 ||||||||||||||||||||



[2026-04-10 16:30:30,979] [INFO] |||||||||||||||||||| PATIENT #11 ||||||||||||||||||||
[2026-04-10 16:30:30,979] [INFO] ==================== Max Interaction Length (0 turns) Reached --> Force Final Answer ====================
[2026-04-10 16:30:35,103] [INFO] [Expert System]: {'type': 'choice', 'letter_choice': 'B', 'confidence': 0, 'usage': {'input_tokens': 346, 'output_tokens': 2}}
[2026-04-10 16:30:35,103] [INFO] |||||||||||||||||||| Interaction ended for patient #11 ||||||||||||||||||||



[2026-04-10 16:30:35,104] [INFO] |||||||||||||||||||| PATIENT #12 ||||||||||||||||||||
[2026-04-10 16:30:35,104] [INFO] ==================== Max Interaction Length (0 turns) Reached --> Force Final Answer ====================
[2026-04-10 16:30:39,832] [INFO] [Expert System]: {'type': 'choice', 'letter_choice': 'B', 'confidence': 0, 'usage': {'input_tokens': 349, 'output_tokens': 2}}
[2026-04-10 16:30:39,832] [INFO] |||||||||||||||||||| Interaction ended for patient #12 ||||||||||||||||||||



[2026-04-10 16:30:39,832] [INFO] |||||||||||||||||||| PATIENT #13 ||||||||||||||||||||
[2026-04-10 16:30:39,832] [INFO] ==================== Max Interaction Length (0 turns) Reached --> Force Final Answer ====================
[2026-04-10 16:30:43,788] [INFO] [Expert System]: {'type': 'choice', 'letter_choice': 'C', 'confidence': 0, 'usage': {'input_tokens': 311, 'output_tokens': 2}}
[2026-04-10 16:30:43,788] [INFO] |||||||||||||||||||| Interaction ended for patient #13 ||||||||||||||||||||



[2026-04-10 16:30:43,788] [INFO] |||||||||||||||||||| PATIENT #14 ||||||||||||||||||||
[2026-04-10 16:30:43,788] [INFO] ==================== Max Interaction Length (0 turns) Reached --> Force Final Answer ====================
[2026-04-10 16:30:48,273] [INFO] [Expert System]: {'type': 'choice', 'letter_choice': 'A', 'confidence': 0, 'usage': {'input_tokens': 440, 'output_tokens': 2}}
[2026-04-10 16:30:48,273] [INFO] |||||||||||||||||||| Interaction ended for patient #14 ||||||||||||||||||||



[2026-04-10 16:30:48,273] [INFO] |||||||||||||||||||| PATIENT #15 ||||||||||||||||||||
[2026-04-10 16:30:48,273] [INFO] ==================== Max Interaction Length (0 turns) Reached --> Force Final Answer ====================
[2026-04-10 16:30:52,984] [INFO] [Expert System]: {'type': 'choice', 'letter_choice': 'D', 'confidence': 0, 'usage': {'input_tokens': 372, 'output_tokens': 2}}
[2026-04-10 16:30:52,984] [INFO] |||||||||||||||||||| Interaction ended for patient #15 ||||||||||||||||||||



[2026-04-10 16:30:52,984] [INFO] |||||||||||||||||||| PATIENT #16 ||||||||||||||||||||
[2026-04-10 16:30:52,984] [INFO] ==================== Max Interaction Length (0 turns) Reached --> Force Final Answer ====================
[2026-04-10 16:30:57,482] [INFO] [Expert System]: {'type': 'choice', 'letter_choice': 'B', 'confidence': 0, 'usage': {'input_tokens': 384, 'output_tokens': 2}}
[2026-04-10 16:30:57,483] [INFO] |||||||||||||||||||| Interaction ended for patient #16 ||||||||||||||||||||



[2026-04-10 16:30:57,483] [INFO] |||||||||||||||||||| PATIENT #17 ||||||||||||||||||||
[2026-04-10 16:30:57,483] [INFO] ==================== Max Interaction Length (0 turns) Reached --> Force Final Answer ====================
[2026-04-10 16:31:01,844] [INFO] [Expert System]: {'type': 'choice', 'letter_choice': 'A', 'confidence': 0, 'usage': {'input_tokens': 389, 'output_tokens': 2}}
[2026-04-10 16:31:01,844] [INFO] |||||||||||||||||||| Interaction ended for patient #17 ||||||||||||||||||||



[2026-04-10 16:31:01,844] [INFO] |||||||||||||||||||| PATIENT #18 ||||||||||||||||||||
[2026-04-10 16:31:01,845] [INFO] ==================== Max Interaction Length (0 turns) Reached --> Force Final Answer ====================
[2026-04-10 16:31:06,206] [INFO] [Expert System]: {'type': 'choice', 'letter_choice': 'C', 'confidence': 0, 'usage': {'input_tokens': 496, 'output_tokens': 2}}
[2026-04-10 16:31:06,206] [INFO] |||||||||||||||||||| Interaction ended for patient #18 ||||||||||||||||||||



[2026-04-10 16:31:06,207] [INFO] |||||||||||||||||||| PATIENT #19 ||||||||||||||||||||
[2026-04-10 16:31:06,207] [INFO] ==================== Max Interaction Length (0 turns) Reached --> Force Final Answer ====================
[2026-04-10 16:31:10,153] [INFO] [Expert System]: {'type': 'choice', 'letter_choice': 'A', 'confidence': 0, 'usage': {'input_tokens': 440, 'output_tokens': 2}}
[2026-04-10 16:31:10,153] [INFO] |||||||||||||||||||| Interaction ended for patient #19 ||||||||||||||||||||



[2026-04-10 16:31:10,153] [INFO] |||||||||||||||||||| PATIENT #20 ||||||||||||||||||||
[2026-04-10 16:31:10,153] [INFO] ==================== Max Interaction Length (0 turns) Reached --> Force Final Answer ====================
[2026-04-10 16:31:14,729] [INFO] [Expert System]: {'type': 'choice', 'letter_choice': 'C', 'confidence': 0, 'usage': {'input_tokens': 593, 'output_tokens': 2}}
[2026-04-10 16:31:14,729] [INFO] |||||||||||||||||||| Interaction ended for patient #20 ||||||||||||||||||||



[2026-04-10 16:31:14,729] [INFO] |||||||||||||||||||| PATIENT #21 ||||||||||||||||||||
[2026-04-10 16:31:14,729] [INFO] ==================== Max Interaction Length (0 turns) Reached --> Force Final Answer ====================
[2026-04-10 16:31:18,854] [INFO] [Expert System]: {'type': 'choice', 'letter_choice': 'B', 'confidence': 0, 'usage': {'input_tokens': 355, 'output_tokens': 2}}
[2026-04-10 16:31:18,854] [INFO] |||||||||||||||||||| Interaction ended for patient #21 ||||||||||||||||||||



[2026-04-10 16:31:18,854] [INFO] |||||||||||||||||||| PATIENT #22 ||||||||||||||||||||
[2026-04-10 16:31:18,855] [INFO] ==================== Max Interaction Length (0 turns) Reached --> Force Final Answer ====================
[2026-04-10 16:31:23,001] [INFO] [Expert System]: {'type': 'choice', 'letter_choice': 'A', 'confidence': 0, 'usage': {'input_tokens': 365, 'output_tokens': 2}}
[2026-04-10 16:31:23,001] [INFO] |||||||||||||||||||| Interaction ended for patient #22 ||||||||||||||||||||



[2026-04-10 16:31:23,001] [INFO] |||||||||||||||||||| PATIENT #23 ||||||||||||||||||||
[2026-04-10 16:31:23,001] [INFO] ==================== Max Interaction Length (0 turns) Reached --> Force Final Answer ====================
[2026-04-10 16:31:27,427] [INFO] [Expert System]: {'type': 'choice', 'letter_choice': 'D', 'confidence': 0, 'usage': {'input_tokens': 429, 'output_tokens': 2}}
[2026-04-10 16:31:27,427] [INFO] |||||||||||||||||||| Interaction ended for patient #23 ||||||||||||||||||||



[2026-04-10 16:31:27,428] [INFO] |||||||||||||||||||| PATIENT #24 ||||||||||||||||||||
[2026-04-10 16:31:27,428] [INFO] ==================== Max Interaction Length (0 turns) Reached --> Force Final Answer ====================
[2026-04-10 16:31:32,847] [INFO] [Expert System]: {'type': 'choice', 'letter_choice': 'A', 'confidence': 0, 'usage': {'input_tokens': 354, 'output_tokens': 2}}
[2026-04-10 16:31:32,847] [INFO] |||||||||||||||||||| Interaction ended for patient #24 ||||||||||||||||||||



[2026-04-10 16:31:32,847] [INFO] |||||||||||||||||||| PATIENT #25 ||||||||||||||||||||
[2026-04-10 16:31:32,847] [INFO] ==================== Max Interaction Length (0 turns) Reached --> Force Final Answer ====================
[2026-04-10 16:31:38,322] [INFO] [Expert System]: {'type': 'choice', 'letter_choice': 'C', 'confidence': 0, 'usage': {'input_tokens': 343, 'output_tokens': 2}}
[2026-04-10 16:31:38,322] [INFO] |||||||||||||||||||| Interaction ended for patient #25 ||||||||||||||||||||



[2026-04-10 16:31:38,323] [INFO] |||||||||||||||||||| PATIENT #26 ||||||||||||||||||||
[2026-04-10 16:31:38,323] [INFO] ==================== Max Interaction Length (0 turns) Reached --> Force Final Answer ====================
[2026-04-10 16:31:45,030] [INFO] [Expert System]: {'type': 'choice', 'letter_choice': 'A', 'confidence': 0, 'usage': {'input_tokens': 438, 'output_tokens': 2}}
[2026-04-10 16:31:45,030] [INFO] |||||||||||||||||||| Interaction ended for patient #26 ||||||||||||||||||||



[2026-04-10 16:31:45,031] [INFO] |||||||||||||||||||| PATIENT #27 ||||||||||||||||||||
[2026-04-10 16:31:45,031] [INFO] ==================== Max Interaction Length (0 turns) Reached --> Force Final Answer ====================
[2026-04-10 16:31:50,666] [INFO] [Expert System]: {'type': 'choice', 'letter_choice': 'B', 'confidence': 0, 'usage': {'input_tokens': 436, 'output_tokens': 2}}
[2026-04-10 16:31:50,666] [INFO] |||||||||||||||||||| Interaction ended for patient #27 ||||||||||||||||||||



[2026-04-10 16:31:50,667] [INFO] |||||||||||||||||||| PATIENT #28 ||||||||||||||||||||
[2026-04-10 16:31:50,667] [INFO] ==================== Max Interaction Length (0 turns) Reached --> Force Final Answer ====================
[2026-04-10 16:31:56,452] [INFO] [Expert System]: {'type': 'choice', 'letter_choice': 'B', 'confidence': 0, 'usage': {'input_tokens': 404, 'output_tokens': 2}}
[2026-04-10 16:31:56,452] [INFO] |||||||||||||||||||| Interaction ended for patient #28 ||||||||||||||||||||



[2026-04-10 16:31:56,453] [INFO] |||||||||||||||||||| PATIENT #29 ||||||||||||||||||||
[2026-04-10 16:31:56,453] [INFO] ==================== Max Interaction Length (0 turns) Reached --> Force Final Answer ====================
[2026-04-10 16:32:00,296] [INFO] [Expert System]: {'type': 'choice', 'letter_choice': 'B', 'confidence': 0, 'usage': {'input_tokens': 326, 'output_tokens': 2}}
[2026-04-10 16:32:00,296] [INFO] |||||||||||||||||||| Interaction ended for patient #29 ||||||||||||||||||||



[2026-04-10 16:32:00,296] [INFO] |||||||||||||||||||| PATIENT #30 ||||||||||||||||||||
[2026-04-10 16:32:00,296] [INFO] ==================== Max Interaction Length (0 turns) Reached --> Force Final Answer ====================
[2026-04-10 16:32:04,305] [INFO] [Expert System]: {'type': 'choice', 'letter_choice': 'D', 'confidence': 0, 'usage': {'input_tokens': 414, 'output_tokens': 2}}
[2026-04-10 16:32:04,305] [INFO] |||||||||||||||||||| Interaction ended for patient #30 ||||||||||||||||||||



[2026-04-10 16:32:04,305] [INFO] |||||||||||||||||||| PATIENT #31 ||||||||||||||||||||
[2026-04-10 16:32:04,305] [INFO] ==================== Max Interaction Length (0 turns) Reached --> Force Final Answer ====================
[2026-04-10 16:32:08,806] [INFO] [Expert System]: {'type': 'choice', 'letter_choice': 'B', 'confidence': 0, 'usage': {'input_tokens': 500, 'output_tokens': 2}}
[2026-04-10 16:32:08,806] [INFO] |||||||||||||||||||| Interaction ended for patient #31 ||||||||||||||||||||



[2026-04-10 16:32:08,806] [INFO] |||||||||||||||||||| PATIENT #32 ||||||||||||||||||||
[2026-04-10 16:32:08,806] [INFO] ==================== Max Interaction Length (0 turns) Reached --> Force Final Answer ====================
[2026-04-10 16:32:12,904] [INFO] [Expert System]: {'type': 'choice', 'letter_choice': 'D', 'confidence': 0, 'usage': {'input_tokens': 428, 'output_tokens': 2}}
[2026-04-10 16:32:12,904] [INFO] |||||||||||||||||||| Interaction ended for patient #32 ||||||||||||||||||||



[2026-04-10 16:32:12,904] [INFO] |||||||||||||||||||| PATIENT #33 ||||||||||||||||||||
[2026-04-10 16:32:12,904] [INFO] ==================== Max Interaction Length (0 turns) Reached --> Force Final Answer ====================
[2026-04-10 16:32:16,813] [INFO] [Expert System]: {'type': 'choice', 'letter_choice': 'C', 'confidence': 0, 'usage': {'input_tokens': 386, 'output_tokens': 2}}
[2026-04-10 16:32:16,813] [INFO] |||||||||||||||||||| Interaction ended for patient #33 ||||||||||||||||||||



[2026-04-10 16:32:16,814] [INFO] |||||||||||||||||||| PATIENT #34 ||||||||||||||||||||
[2026-04-10 16:32:16,814] [INFO] ==================== Max Interaction Length (0 turns) Reached --> Force Final Answer ====================
[2026-04-10 16:32:20,949] [INFO] [Expert System]: {'type': 'choice', 'letter_choice': 'B', 'confidence': 0, 'usage': {'input_tokens': 398, 'output_tokens': 2}}
[2026-04-10 16:32:20,949] [INFO] |||||||||||||||||||| Interaction ended for patient #34 ||||||||||||||||||||



[2026-04-10 16:32:20,949] [INFO] |||||||||||||||||||| PATIENT #35 ||||||||||||||||||||
[2026-04-10 16:32:20,949] [INFO] ==================== Max Interaction Length (0 turns) Reached --> Force Final Answer ====================
[2026-04-10 16:32:24,994] [INFO] [Expert System]: {'type': 'choice', 'letter_choice': 'B', 'confidence': 0, 'usage': {'input_tokens': 338, 'output_tokens': 2}}
[2026-04-10 16:32:24,994] [INFO] |||||||||||||||||||| Interaction ended for patient #35 ||||||||||||||||||||



[2026-04-10 16:32:24,994] [INFO] |||||||||||||||||||| PATIENT #36 ||||||||||||||||||||
[2026-04-10 16:32:24,994] [INFO] ==================== Max Interaction Length (0 turns) Reached --> Force Final Answer ====================
[2026-04-10 16:32:29,128] [INFO] [Expert System]: {'type': 'choice', 'letter_choice': 'A', 'confidence': 0, 'usage': {'input_tokens': 439, 'output_tokens': 2}}
[2026-04-10 16:32:29,129] [INFO] |||||||||||||||||||| Interaction ended for patient #36 ||||||||||||||||||||



[2026-04-10 16:32:29,129] [INFO] |||||||||||||||||||| PATIENT #37 ||||||||||||||||||||
[2026-04-10 16:32:29,129] [INFO] ==================== Max Interaction Length (0 turns) Reached --> Force Final Answer ====================
[2026-04-10 16:32:33,368] [INFO] [Expert System]: {'type': 'choice', 'letter_choice': 'D', 'confidence': 0, 'usage': {'input_tokens': 399, 'output_tokens': 2}}
[2026-04-10 16:32:33,368] [INFO] |||||||||||||||||||| Interaction ended for patient #37 ||||||||||||||||||||



[2026-04-10 16:32:33,368] [INFO] |||||||||||||||||||| PATIENT #38 ||||||||||||||||||||
[2026-04-10 16:32:33,368] [INFO] ==================== Max Interaction Length (0 turns) Reached --> Force Final Answer ====================
[2026-04-10 16:32:38,351] [INFO] [Expert System]: {'type': 'choice', 'letter_choice': 'B', 'confidence': 0, 'usage': {'input_tokens': 531, 'output_tokens': 2}}
[2026-04-10 16:32:38,351] [INFO] |||||||||||||||||||| Interaction ended for patient #38 ||||||||||||||||||||



[2026-04-10 16:32:38,351] [INFO] |||||||||||||||||||| PATIENT #39 ||||||||||||||||||||
[2026-04-10 16:32:38,352] [INFO] ==================== Max Interaction Length (0 turns) Reached --> Force Final Answer ====================
[2026-04-10 16:32:42,147] [INFO] [Expert System]: {'type': 'choice', 'letter_choice': 'C', 'confidence': 0, 'usage': {'input_tokens': 263, 'output_tokens': 2}}
[2026-04-10 16:32:42,147] [INFO] |||||||||||||||||||| Interaction ended for patient #39 ||||||||||||||||||||



[2026-04-10 16:32:42,148] [INFO] |||||||||||||||||||| PATIENT #40 ||||||||||||||||||||
[2026-04-10 16:32:42,148] [INFO] ==================== Max Interaction Length (0 turns) Reached --> Force Final Answer ====================
[2026-04-10 16:32:47,078] [INFO] [Expert System]: {'type': 'choice', 'letter_choice': 'D', 'confidence': 0, 'usage': {'input_tokens': 563, 'output_tokens': 2}}
[2026-04-10 16:32:47,078] [INFO] |||||||||||||||||||| Interaction ended for patient #40 ||||||||||||||||||||



[2026-04-10 16:32:47,078] [INFO] |||||||||||||||||||| PATIENT #41 ||||||||||||||||||||
[2026-04-10 16:32:47,078] [INFO] ==================== Max Interaction Length (0 turns) Reached --> Force Final Answer ====================
[2026-04-10 16:32:51,778] [INFO] [Expert System]: {'type': 'choice', 'letter_choice': 'D', 'confidence': 0, 'usage': {'input_tokens': 485, 'output_tokens': 2}}
[2026-04-10 16:32:51,778] [INFO] |||||||||||||||||||| Interaction ended for patient #41 ||||||||||||||||||||



[2026-04-10 16:32:51,778] [INFO] |||||||||||||||||||| PATIENT #42 ||||||||||||||||||||
[2026-04-10 16:32:51,778] [INFO] ==================== Max Interaction Length (0 turns) Reached --> Force Final Answer ====================
[2026-04-10 16:32:56,181] [INFO] [Expert System]: {'type': 'choice', 'letter_choice': 'A', 'confidence': 0, 'usage': {'input_tokens': 367, 'output_tokens': 2}}
[2026-04-10 16:32:56,181] [INFO] |||||||||||||||||||| Interaction ended for patient #42 ||||||||||||||||||||



[2026-04-10 16:32:56,181] [INFO] |||||||||||||||||||| PATIENT #43 ||||||||||||||||||||
[2026-04-10 16:32:56,181] [INFO] ==================== Max Interaction Length (0 turns) Reached --> Force Final Answer ====================
[2026-04-10 16:33:00,311] [INFO] [Expert System]: {'type': 'choice', 'letter_choice': 'D', 'confidence': 0, 'usage': {'input_tokens': 434, 'output_tokens': 2}}
[2026-04-10 16:33:00,311] [INFO] |||||||||||||||||||| Interaction ended for patient #43 ||||||||||||||||||||



[2026-04-10 16:33:00,311] [INFO] |||||||||||||||||||| PATIENT #44 ||||||||||||||||||||
[2026-04-10 16:33:00,311] [INFO] ==================== Max Interaction Length (0 turns) Reached --> Force Final Answer ====================
[2026-04-10 16:33:04,977] [INFO] [Expert System]: {'type': 'choice', 'letter_choice': 'C', 'confidence': 0, 'usage': {'input_tokens': 359, 'output_tokens': 2}}
[2026-04-10 16:33:04,977] [INFO] |||||||||||||||||||| Interaction ended for patient #44 ||||||||||||||||||||



[2026-04-10 16:33:04,977] [INFO] |||||||||||||||||||| PATIENT #45 ||||||||||||||||||||
[2026-04-10 16:33:04,977] [INFO] ==================== Max Interaction Length (0 turns) Reached --> Force Final Answer ====================
[2026-04-10 16:33:09,555] [INFO] [Expert System]: {'type': 'choice', 'letter_choice': 'C', 'confidence': 0, 'usage': {'input_tokens': 337, 'output_tokens': 2}}
[2026-04-10 16:33:09,555] [INFO] |||||||||||||||||||| Interaction ended for patient #45 ||||||||||||||||||||



[2026-04-10 16:33:09,555] [INFO] |||||||||||||||||||| PATIENT #46 ||||||||||||||||||||
[2026-04-10 16:33:09,555] [INFO] ==================== Max Interaction Length (0 turns) Reached --> Force Final Answer ====================
[2026-04-10 16:33:14,531] [INFO] [Expert System]: {'type': 'choice', 'letter_choice': 'D', 'confidence': 0, 'usage': {'input_tokens': 480, 'output_tokens': 2}}
[2026-04-10 16:33:14,531] [INFO] |||||||||||||||||||| Interaction ended for patient #46 ||||||||||||||||||||



[2026-04-10 16:33:14,531] [INFO] |||||||||||||||||||| PATIENT #47 ||||||||||||||||||||
[2026-04-10 16:33:14,531] [INFO] ==================== Max Interaction Length (0 turns) Reached --> Force Final Answer ====================
[2026-04-10 16:33:20,171] [INFO] [Expert System]: {'type': 'choice', 'letter_choice': 'B', 'confidence': 0, 'usage': {'input_tokens': 573, 'output_tokens': 2}}
[2026-04-10 16:33:20,171] [INFO] |||||||||||||||||||| Interaction ended for patient #47 ||||||||||||||||||||



[2026-04-10 16:33:20,171] [INFO] |||||||||||||||||||| PATIENT #48 ||||||||||||||||||||
[2026-04-10 16:33:20,171] [INFO] ==================== Max Interaction Length (0 turns) Reached --> Force Final Answer ====================
[2026-04-10 16:33:24,729] [INFO] [Expert System]: {'type': 'choice', 'letter_choice': 'A', 'confidence': 0, 'usage': {'input_tokens': 282, 'output_tokens': 2}}
[2026-04-10 16:33:24,729] [INFO] |||||||||||||||||||| Interaction ended for patient #48 ||||||||||||||||||||



[2026-04-10 16:33:24,729] [INFO] |||||||||||||||||||| PATIENT #49 ||||||||||||||||||||
[2026-04-10 16:33:24,729] [INFO] ==================== Max Interaction Length (0 turns) Reached --> Force Final Answer ====================
[2026-04-10 16:33:29,605] [INFO] [Expert System]: {'type': 'choice', 'letter_choice': 'C', 'confidence': 0, 'usage': {'input_tokens': 360, 'output_tokens': 2}}
[2026-04-10 16:33:29,605] [INFO] |||||||||||||||||||| Interaction ended for patient #49 ||||||||||||||||||||



[2026-04-10 16:33:29,605] [INFO] |||||||||||||||||||| PATIENT #50 ||||||||||||||||||||
[2026-04-10 16:33:29,605] [INFO] ==================== Max Interaction Length (0 turns) Reached --> Force Final Answer ====================
[2026-04-10 16:33:34,087] [INFO] [Expert System]: {'type': 'choice', 'letter_choice': 'A', 'confidence': 0, 'usage': {'input_tokens': 360, 'output_tokens': 2}}
[2026-04-10 16:33:34,087] [INFO] |||||||||||||||||||| Interaction ended for patient #50 ||||||||||||||||||||



[2026-04-10 16:33:34,088] [INFO] |||||||||||||||||||| PATIENT #51 ||||||||||||||||||||
[2026-04-10 16:33:34,088] [INFO] ==================== Max Interaction Length (0 turns) Reached --> Force Final Answer ====================
[2026-04-10 16:33:38,282] [INFO] [Expert System]: {'type': 'choice', 'letter_choice': 'A', 'confidence': 0, 'usage': {'input_tokens': 290, 'output_tokens': 2}}
[2026-04-10 16:33:38,282] [INFO] |||||||||||||||||||| Interaction ended for patient #51 ||||||||||||||||||||



[2026-04-10 16:33:38,282] [INFO] |||||||||||||||||||| PATIENT #52 ||||||||||||||||||||
[2026-04-10 16:33:38,282] [INFO] ==================== Max Interaction Length (0 turns) Reached --> Force Final Answer ====================
[2026-04-10 16:33:42,429] [INFO] [Expert System]: {'type': 'choice', 'letter_choice': 'B', 'confidence': 0, 'usage': {'input_tokens': 350, 'output_tokens': 2}}
[2026-04-10 16:33:42,429] [INFO] |||||||||||||||||||| Interaction ended for patient #52 ||||||||||||||||||||



[2026-04-10 16:33:42,429] [INFO] |||||||||||||||||||| PATIENT #53 ||||||||||||||||||||
[2026-04-10 16:33:42,429] [INFO] ==================== Max Interaction Length (0 turns) Reached --> Force Final Answer ====================
[2026-04-10 16:33:46,477] [INFO] [Expert System]: {'type': 'choice', 'letter_choice': 'A', 'confidence': 0, 'usage': {'input_tokens': 412, 'output_tokens': 2}}
[2026-04-10 16:33:46,477] [INFO] |||||||||||||||||||| Interaction ended for patient #53 ||||||||||||||||||||



[2026-04-10 16:33:46,477] [INFO] |||||||||||||||||||| PATIENT #54 ||||||||||||||||||||
[2026-04-10 16:33:46,477] [INFO] ==================== Max Interaction Length (0 turns) Reached --> Force Final Answer ====================
[2026-04-10 16:33:50,482] [INFO] [Expert System]: {'type': 'choice', 'letter_choice': 'C', 'confidence': 0, 'usage': {'input_tokens': 324, 'output_tokens': 2}}
[2026-04-10 16:33:50,482] [INFO] |||||||||||||||||||| Interaction ended for patient #54 ||||||||||||||||||||



[2026-04-10 16:33:50,483] [INFO] |||||||||||||||||||| PATIENT #55 ||||||||||||||||||||
[2026-04-10 16:33:50,483] [INFO] ==================== Max Interaction Length (0 turns) Reached --> Force Final Answer ====================
[2026-04-10 16:33:54,797] [INFO] [Expert System]: {'type': 'choice', 'letter_choice': 'B', 'confidence': 0, 'usage': {'input_tokens': 380, 'output_tokens': 2}}
[2026-04-10 16:33:54,797] [INFO] |||||||||||||||||||| Interaction ended for patient #55 ||||||||||||||||||||



[2026-04-10 16:33:54,797] [INFO] |||||||||||||||||||| PATIENT #56 ||||||||||||||||||||
[2026-04-10 16:33:54,797] [INFO] ==================== Max Interaction Length (0 turns) Reached --> Force Final Answer ====================
[2026-04-10 16:33:59,116] [INFO] [Expert System]: {'type': 'choice', 'letter_choice': 'D', 'confidence': 0, 'usage': {'input_tokens': 375, 'output_tokens': 2}}
[2026-04-10 16:33:59,116] [INFO] |||||||||||||||||||| Interaction ended for patient #56 ||||||||||||||||||||



[2026-04-10 16:33:59,117] [INFO] |||||||||||||||||||| PATIENT #57 ||||||||||||||||||||
[2026-04-10 16:33:59,117] [INFO] ==================== Max Interaction Length (0 turns) Reached --> Force Final Answer ====================
[2026-04-10 16:34:03,665] [INFO] [Expert System]: {'type': 'choice', 'letter_choice': 'C', 'confidence': 0, 'usage': {'input_tokens': 498, 'output_tokens': 2}}
[2026-04-10 16:34:03,665] [INFO] |||||||||||||||||||| Interaction ended for patient #57 ||||||||||||||||||||



[2026-04-10 16:34:03,665] [INFO] |||||||||||||||||||| PATIENT #58 ||||||||||||||||||||
[2026-04-10 16:34:03,666] [INFO] ==================== Max Interaction Length (0 turns) Reached --> Force Final Answer ====================
[2026-04-10 16:34:07,530] [INFO] [Expert System]: {'type': 'choice', 'letter_choice': 'C', 'confidence': 0, 'usage': {'input_tokens': 394, 'output_tokens': 2}}
[2026-04-10 16:34:07,530] [INFO] |||||||||||||||||||| Interaction ended for patient #58 ||||||||||||||||||||



[2026-04-10 16:34:07,531] [INFO] |||||||||||||||||||| PATIENT #59 ||||||||||||||||||||
[2026-04-10 16:34:07,531] [INFO] ==================== Max Interaction Length (0 turns) Reached --> Force Final Answer ====================
[2026-04-10 16:34:11,863] [INFO] [Expert System]: {'type': 'choice', 'letter_choice': 'C', 'confidence': 0, 'usage': {'input_tokens': 354, 'output_tokens': 2}}
[2026-04-10 16:34:11,863] [INFO] |||||||||||||||||||| Interaction ended for patient #59 ||||||||||||||||||||



[2026-04-10 16:34:11,863] [INFO] |||||||||||||||||||| PATIENT #60 ||||||||||||||||||||
[2026-04-10 16:34:11,863] [INFO] ==================== Max Interaction Length (0 turns) Reached --> Force Final Answer ====================
[2026-04-10 16:34:15,996] [INFO] [Expert System]: {'type': 'choice', 'letter_choice': 'C', 'confidence': 0, 'usage': {'input_tokens': 339, 'output_tokens': 2}}
[2026-04-10 16:34:15,996] [INFO] |||||||||||||||||||| Interaction ended for patient #60 ||||||||||||||||||||



[2026-04-10 16:34:15,997] [INFO] |||||||||||||||||||| PATIENT #61 ||||||||||||||||||||
[2026-04-10 16:34:15,997] [INFO] ==================== Max Interaction Length (0 turns) Reached --> Force Final Answer ====================
[2026-04-10 16:34:20,015] [INFO] [Expert System]: {'type': 'choice', 'letter_choice': 'C', 'confidence': 0, 'usage': {'input_tokens': 318, 'output_tokens': 2}}
[2026-04-10 16:34:20,015] [INFO] |||||||||||||||||||| Interaction ended for patient #61 ||||||||||||||||||||



[2026-04-10 16:34:20,015] [INFO] |||||||||||||||||||| PATIENT #62 ||||||||||||||||||||
[2026-04-10 16:34:20,015] [INFO] ==================== Max Interaction Length (0 turns) Reached --> Force Final Answer ====================
[2026-04-10 16:34:24,152] [INFO] [Expert System]: {'type': 'choice', 'letter_choice': 'B', 'confidence': 0, 'usage': {'input_tokens': 334, 'output_tokens': 2}}
[2026-04-10 16:34:24,152] [INFO] |||||||||||||||||||| Interaction ended for patient #62 ||||||||||||||||||||



[2026-04-10 16:34:24,153] [INFO] |||||||||||||||||||| PATIENT #63 ||||||||||||||||||||
[2026-04-10 16:34:24,153] [INFO] ==================== Max Interaction Length (0 turns) Reached --> Force Final Answer ====================
[2026-04-10 16:34:28,260] [INFO] [Expert System]: {'type': 'choice', 'letter_choice': 'B', 'confidence': 0, 'usage': {'input_tokens': 322, 'output_tokens': 2}}
[2026-04-10 16:34:28,260] [INFO] |||||||||||||||||||| Interaction ended for patient #63 ||||||||||||||||||||



[2026-04-10 16:34:28,260] [INFO] |||||||||||||||||||| PATIENT #64 ||||||||||||||||||||
[2026-04-10 16:34:28,260] [INFO] ==================== Max Interaction Length (0 turns) Reached --> Force Final Answer ====================
[2026-04-10 16:34:32,703] [INFO] [Expert System]: {'type': 'choice', 'letter_choice': 'B', 'confidence': 0, 'usage': {'input_tokens': 379, 'output_tokens': 2}}
[2026-04-10 16:34:32,703] [INFO] |||||||||||||||||||| Interaction ended for patient #64 ||||||||||||||||||||



[2026-04-10 16:34:32,704] [INFO] |||||||||||||||||||| PATIENT #65 ||||||||||||||||||||
[2026-04-10 16:34:32,704] [INFO] ==================== Max Interaction Length (0 turns) Reached --> Force Final Answer ====================
[2026-04-10 16:34:37,086] [INFO] [Expert System]: {'type': 'choice', 'letter_choice': 'B', 'confidence': 0, 'usage': {'input_tokens': 370, 'output_tokens': 2}}
[2026-04-10 16:34:37,086] [INFO] |||||||||||||||||||| Interaction ended for patient #65 ||||||||||||||||||||



[2026-04-10 16:34:37,086] [INFO] |||||||||||||||||||| PATIENT #66 ||||||||||||||||||||
[2026-04-10 16:34:37,086] [INFO] ==================== Max Interaction Length (0 turns) Reached --> Force Final Answer ====================
[2026-04-10 16:34:41,304] [INFO] [Expert System]: {'type': 'choice', 'letter_choice': 'D', 'confidence': 0, 'usage': {'input_tokens': 424, 'output_tokens': 2}}
[2026-04-10 16:34:41,304] [INFO] |||||||||||||||||||| Interaction ended for patient #66 ||||||||||||||||||||



[2026-04-10 16:34:41,305] [INFO] |||||||||||||||||||| PATIENT #67 ||||||||||||||||||||
[2026-04-10 16:34:41,305] [INFO] ==================== Max Interaction Length (0 turns) Reached --> Force Final Answer ====================
[2026-04-10 16:34:45,616] [INFO] [Expert System]: {'type': 'choice', 'letter_choice': 'A', 'confidence': 0, 'usage': {'input_tokens': 458, 'output_tokens': 2}}
[2026-04-10 16:34:45,616] [INFO] |||||||||||||||||||| Interaction ended for patient #67 ||||||||||||||||||||



[2026-04-10 16:34:45,616] [INFO] |||||||||||||||||||| PATIENT #68 ||||||||||||||||||||
[2026-04-10 16:34:45,616] [INFO] ==================== Max Interaction Length (0 turns) Reached --> Force Final Answer ====================
[2026-04-10 16:34:49,928] [INFO] [Expert System]: {'type': 'choice', 'letter_choice': 'C', 'confidence': 0, 'usage': {'input_tokens': 368, 'output_tokens': 2}}
[2026-04-10 16:34:49,928] [INFO] |||||||||||||||||||| Interaction ended for patient #68 ||||||||||||||||||||



[2026-04-10 16:34:49,929] [INFO] |||||||||||||||||||| PATIENT #69 ||||||||||||||||||||
[2026-04-10 16:34:49,929] [INFO] ==================== Max Interaction Length (0 turns) Reached --> Force Final Answer ====================
[2026-04-10 16:34:53,786] [INFO] [Expert System]: {'type': 'choice', 'letter_choice': 'B', 'confidence': 0, 'usage': {'input_tokens': 395, 'output_tokens': 2}}
[2026-04-10 16:34:53,786] [INFO] |||||||||||||||||||| Interaction ended for patient #69 ||||||||||||||||||||



[2026-04-10 16:34:53,787] [INFO] |||||||||||||||||||| PATIENT #70 ||||||||||||||||||||
[2026-04-10 16:34:53,787] [INFO] ==================== Max Interaction Length (0 turns) Reached --> Force Final Answer ====================
[2026-04-10 16:34:57,928] [INFO] [Expert System]: {'type': 'choice', 'letter_choice': 'C', 'confidence': 0, 'usage': {'input_tokens': 349, 'output_tokens': 2}}
[2026-04-10 16:34:57,928] [INFO] |||||||||||||||||||| Interaction ended for patient #70 ||||||||||||||||||||



[2026-04-10 16:34:57,928] [INFO] |||||||||||||||||||| PATIENT #71 ||||||||||||||||||||
[2026-04-10 16:34:57,929] [INFO] ==================== Max Interaction Length (0 turns) Reached --> Force Final Answer ====================
[2026-04-10 16:35:02,303] [INFO] [Expert System]: {'type': 'choice', 'letter_choice': 'A', 'confidence': 0, 'usage': {'input_tokens': 377, 'output_tokens': 2}}
[2026-04-10 16:35:02,303] [INFO] |||||||||||||||||||| Interaction ended for patient #71 ||||||||||||||||||||



[2026-04-10 16:35:02,303] [INFO] |||||||||||||||||||| PATIENT #72 ||||||||||||||||||||
[2026-04-10 16:35:02,303] [INFO] ==================== Max Interaction Length (0 turns) Reached --> Force Final Answer ====================
[2026-04-10 16:35:06,883] [INFO] [Expert System]: {'type': 'choice', 'letter_choice': 'B', 'confidence': 0, 'usage': {'input_tokens': 514, 'output_tokens': 2}}
[2026-04-10 16:35:06,883] [INFO] |||||||||||||||||||| Interaction ended for patient #72 ||||||||||||||||||||



[2026-04-10 16:35:06,883] [INFO] |||||||||||||||||||| PATIENT #73 ||||||||||||||||||||
[2026-04-10 16:35:06,883] [INFO] ==================== Max Interaction Length (0 turns) Reached --> Force Final Answer ====================
[2026-04-10 16:35:11,226] [INFO] [Expert System]: {'type': 'choice', 'letter_choice': 'B', 'confidence': 0, 'usage': {'input_tokens': 378, 'output_tokens': 2}}
[2026-04-10 16:35:11,226] [INFO] |||||||||||||||||||| Interaction ended for patient #73 ||||||||||||||||||||



[2026-04-10 16:35:11,226] [INFO] |||||||||||||||||||| PATIENT #74 ||||||||||||||||||||
[2026-04-10 16:35:11,227] [INFO] ==================== Max Interaction Length (0 turns) Reached --> Force Final Answer ====================
[2026-04-10 16:35:15,280] [INFO] [Expert System]: {'type': 'choice', 'letter_choice': 'A', 'confidence': 0, 'usage': {'input_tokens': 326, 'output_tokens': 2}}
[2026-04-10 16:35:15,280] [INFO] |||||||||||||||||||| Interaction ended for patient #74 ||||||||||||||||||||



[2026-04-10 16:35:15,281] [INFO] |||||||||||||||||||| PATIENT #75 ||||||||||||||||||||
[2026-04-10 16:35:15,281] [INFO] ==================== Max Interaction Length (0 turns) Reached --> Force Final Answer ====================
[2026-04-10 16:35:19,528] [INFO] [Expert System]: {'type': 'choice', 'letter_choice': 'C', 'confidence': 0, 'usage': {'input_tokens': 415, 'output_tokens': 2}}
[2026-04-10 16:35:19,528] [INFO] |||||||||||||||||||| Interaction ended for patient #75 ||||||||||||||||||||



[2026-04-10 16:35:19,528] [INFO] |||||||||||||||||||| PATIENT #76 ||||||||||||||||||||
[2026-04-10 16:35:19,528] [INFO] ==================== Max Interaction Length (0 turns) Reached --> Force Final Answer ====================
[2026-04-10 16:35:24,013] [INFO] [Expert System]: {'type': 'choice', 'letter_choice': 'B', 'confidence': 0, 'usage': {'input_tokens': 464, 'output_tokens': 2}}
[2026-04-10 16:35:24,013] [INFO] |||||||||||||||||||| Interaction ended for patient #76 ||||||||||||||||||||



[2026-04-10 16:35:24,013] [INFO] |||||||||||||||||||| PATIENT #77 ||||||||||||||||||||
[2026-04-10 16:35:24,013] [INFO] ==================== Max Interaction Length (0 turns) Reached --> Force Final Answer ====================
[2026-04-10 16:35:28,107] [INFO] [Expert System]: {'type': 'choice', 'letter_choice': 'C', 'confidence': 0, 'usage': {'input_tokens': 395, 'output_tokens': 2}}
[2026-04-10 16:35:28,107] [INFO] |||||||||||||||||||| Interaction ended for patient #77 ||||||||||||||||||||



[2026-04-10 16:35:28,107] [INFO] |||||||||||||||||||| PATIENT #78 ||||||||||||||||||||
[2026-04-10 16:35:28,107] [INFO] ==================== Max Interaction Length (0 turns) Reached --> Force Final Answer ====================
[2026-04-10 16:35:32,903] [INFO] [Expert System]: {'type': 'choice', 'letter_choice': 'D', 'confidence': 0, 'usage': {'input_tokens': 527, 'output_tokens': 2}}
[2026-04-10 16:35:32,903] [INFO] |||||||||||||||||||| Interaction ended for patient #78 ||||||||||||||||||||



[2026-04-10 16:35:32,903] [INFO] |||||||||||||||||||| PATIENT #79 ||||||||||||||||||||
[2026-04-10 16:35:32,903] [INFO] ==================== Max Interaction Length (0 turns) Reached --> Force Final Answer ====================
[2026-04-10 16:35:37,338] [INFO] [Expert System]: {'type': 'choice', 'letter_choice': 'B', 'confidence': 0, 'usage': {'input_tokens': 370, 'output_tokens': 2}}
[2026-04-10 16:35:37,338] [INFO] |||||||||||||||||||| Interaction ended for patient #79 ||||||||||||||||||||



[2026-04-10 16:35:37,339] [INFO] |||||||||||||||||||| PATIENT #80 ||||||||||||||||||||
[2026-04-10 16:35:37,339] [INFO] ==================== Max Interaction Length (0 turns) Reached --> Force Final Answer ====================
[2026-04-10 16:35:41,690] [INFO] [Expert System]: {'type': 'choice', 'letter_choice': 'A', 'confidence': 0, 'usage': {'input_tokens': 358, 'output_tokens': 2}}
[2026-04-10 16:35:41,690] [INFO] |||||||||||||||||||| Interaction ended for patient #80 ||||||||||||||||||||



[2026-04-10 16:35:41,690] [INFO] |||||||||||||||||||| PATIENT #81 ||||||||||||||||||||
[2026-04-10 16:35:41,690] [INFO] ==================== Max Interaction Length (0 turns) Reached --> Force Final Answer ====================
[2026-04-10 16:35:46,031] [INFO] [Expert System]: {'type': 'choice', 'letter_choice': 'C', 'confidence': 0, 'usage': {'input_tokens': 362, 'output_tokens': 2}}
[2026-04-10 16:35:46,031] [INFO] |||||||||||||||||||| Interaction ended for patient #81 ||||||||||||||||||||



[2026-04-10 16:35:46,031] [INFO] |||||||||||||||||||| PATIENT #82 ||||||||||||||||||||
[2026-04-10 16:35:46,031] [INFO] ==================== Max Interaction Length (0 turns) Reached --> Force Final Answer ====================
[2026-04-10 16:35:50,259] [INFO] [Expert System]: {'type': 'choice', 'letter_choice': 'D', 'confidence': 0, 'usage': {'input_tokens': 336, 'output_tokens': 2}}
[2026-04-10 16:35:50,259] [INFO] |||||||||||||||||||| Interaction ended for patient #82 ||||||||||||||||||||



[2026-04-10 16:35:50,260] [INFO] |||||||||||||||||||| PATIENT #83 ||||||||||||||||||||
[2026-04-10 16:35:50,260] [INFO] ==================== Max Interaction Length (0 turns) Reached --> Force Final Answer ====================
[2026-04-10 16:35:54,198] [INFO] [Expert System]: {'type': 'choice', 'letter_choice': 'B', 'confidence': 0, 'usage': {'input_tokens': 389, 'output_tokens': 2}}
[2026-04-10 16:35:54,198] [INFO] |||||||||||||||||||| Interaction ended for patient #83 ||||||||||||||||||||



[2026-04-10 16:35:54,198] [INFO] |||||||||||||||||||| PATIENT #84 ||||||||||||||||||||
[2026-04-10 16:35:54,198] [INFO] ==================== Max Interaction Length (0 turns) Reached --> Force Final Answer ====================
[2026-04-10 16:35:58,283] [INFO] [Expert System]: {'type': 'choice', 'letter_choice': 'C', 'confidence': 0, 'usage': {'input_tokens': 405, 'output_tokens': 2}}
[2026-04-10 16:35:58,283] [INFO] |||||||||||||||||||| Interaction ended for patient #84 ||||||||||||||||||||



[2026-04-10 16:35:58,284] [INFO] |||||||||||||||||||| PATIENT #85 ||||||||||||||||||||
[2026-04-10 16:35:58,284] [INFO] ==================== Max Interaction Length (0 turns) Reached --> Force Final Answer ====================
[2026-04-10 16:36:02,534] [INFO] [Expert System]: {'type': 'choice', 'letter_choice': 'D', 'confidence': 0, 'usage': {'input_tokens': 357, 'output_tokens': 2}}
[2026-04-10 16:36:02,535] [INFO] |||||||||||||||||||| Interaction ended for patient #85 ||||||||||||||||||||



[2026-04-10 16:36:02,535] [INFO] |||||||||||||||||||| PATIENT #86 ||||||||||||||||||||
[2026-04-10 16:36:02,535] [INFO] ==================== Max Interaction Length (0 turns) Reached --> Force Final Answer ====================
[2026-04-10 16:36:07,027] [INFO] [Expert System]: {'type': 'choice', 'letter_choice': 'D', 'confidence': 0, 'usage': {'input_tokens': 355, 'output_tokens': 2}}
[2026-04-10 16:36:07,027] [INFO] |||||||||||||||||||| Interaction ended for patient #86 ||||||||||||||||||||



[2026-04-10 16:36:07,027] [INFO] |||||||||||||||||||| PATIENT #87 ||||||||||||||||||||
[2026-04-10 16:36:07,027] [INFO] ==================== Max Interaction Length (0 turns) Reached --> Force Final Answer ====================
[2026-04-10 16:36:11,118] [INFO] [Expert System]: {'type': 'choice', 'letter_choice': 'A', 'confidence': 0, 'usage': {'input_tokens': 409, 'output_tokens': 2}}
[2026-04-10 16:36:11,118] [INFO] |||||||||||||||||||| Interaction ended for patient #87 ||||||||||||||||||||



[2026-04-10 16:36:11,118] [INFO] |||||||||||||||||||| PATIENT #88 ||||||||||||||||||||
[2026-04-10 16:36:11,118] [INFO] ==================== Max Interaction Length (0 turns) Reached --> Force Final Answer ====================
[2026-04-10 16:36:15,255] [INFO] [Expert System]: {'type': 'choice', 'letter_choice': 'B', 'confidence': 0, 'usage': {'input_tokens': 405, 'output_tokens': 2}}
[2026-04-10 16:36:15,255] [INFO] |||||||||||||||||||| Interaction ended for patient #88 ||||||||||||||||||||



[2026-04-10 16:36:15,255] [INFO] |||||||||||||||||||| PATIENT #89 ||||||||||||||||||||
[2026-04-10 16:36:15,255] [INFO] ==================== Max Interaction Length (0 turns) Reached --> Force Final Answer ====================
[2026-04-10 16:36:19,427] [INFO] [Expert System]: {'type': 'choice', 'letter_choice': 'B', 'confidence': 0, 'usage': {'input_tokens': 344, 'output_tokens': 2}}
[2026-04-10 16:36:19,427] [INFO] |||||||||||||||||||| Interaction ended for patient #89 ||||||||||||||||||||



[2026-04-10 16:36:19,427] [INFO] |||||||||||||||||||| PATIENT #90 ||||||||||||||||||||
[2026-04-10 16:36:19,427] [INFO] ==================== Max Interaction Length (0 turns) Reached --> Force Final Answer ====================
[2026-04-10 16:36:23,721] [INFO] [Expert System]: {'type': 'choice', 'letter_choice': 'C', 'confidence': 0, 'usage': {'input_tokens': 425, 'output_tokens': 2}}
[2026-04-10 16:36:23,721] [INFO] |||||||||||||||||||| Interaction ended for patient #90 ||||||||||||||||||||



[2026-04-10 16:36:23,721] [INFO] |||||||||||||||||||| PATIENT #91 ||||||||||||||||||||
[2026-04-10 16:36:23,721] [INFO] ==================== Max Interaction Length (0 turns) Reached --> Force Final Answer ====================
[2026-04-10 16:36:27,807] [INFO] [Expert System]: {'type': 'choice', 'letter_choice': 'A', 'confidence': 0, 'usage': {'input_tokens': 320, 'output_tokens': 2}}
[2026-04-10 16:36:27,808] [INFO] |||||||||||||||||||| Interaction ended for patient #91 ||||||||||||||||||||



[2026-04-10 16:36:27,808] [INFO] |||||||||||||||||||| PATIENT #92 ||||||||||||||||||||
[2026-04-10 16:36:27,808] [INFO] ==================== Max Interaction Length (0 turns) Reached --> Force Final Answer ====================
[2026-04-10 16:36:31,960] [INFO] [Expert System]: {'type': 'choice', 'letter_choice': 'D', 'confidence': 0, 'usage': {'input_tokens': 425, 'output_tokens': 2}}
[2026-04-10 16:36:31,960] [INFO] |||||||||||||||||||| Interaction ended for patient #92 ||||||||||||||||||||



[2026-04-10 16:36:31,960] [INFO] |||||||||||||||||||| PATIENT #93 ||||||||||||||||||||
[2026-04-10 16:36:31,960] [INFO] ==================== Max Interaction Length (0 turns) Reached --> Force Final Answer ====================
[2026-04-10 16:36:36,042] [INFO] [Expert System]: {'type': 'choice', 'letter_choice': 'C', 'confidence': 0, 'usage': {'input_tokens': 416, 'output_tokens': 2}}
[2026-04-10 16:36:36,042] [INFO] |||||||||||||||||||| Interaction ended for patient #93 ||||||||||||||||||||



[2026-04-10 16:36:36,042] [INFO] |||||||||||||||||||| PATIENT #94 ||||||||||||||||||||
[2026-04-10 16:36:36,042] [INFO] ==================== Max Interaction Length (0 turns) Reached --> Force Final Answer ====================
[2026-04-10 16:36:40,161] [INFO] [Expert System]: {'type': 'choice', 'letter_choice': 'D', 'confidence': 0, 'usage': {'input_tokens': 349, 'output_tokens': 2}}
[2026-04-10 16:36:40,161] [INFO] |||||||||||||||||||| Interaction ended for patient #94 ||||||||||||||||||||



[2026-04-10 16:36:40,161] [INFO] |||||||||||||||||||| PATIENT #95 ||||||||||||||||||||
[2026-04-10 16:36:40,161] [INFO] ==================== Max Interaction Length (0 turns) Reached --> Force Final Answer ====================
[2026-04-10 16:36:44,414] [INFO] [Expert System]: {'type': 'choice', 'letter_choice': 'C', 'confidence': 0, 'usage': {'input_tokens': 368, 'output_tokens': 2}}
[2026-04-10 16:36:44,414] [INFO] |||||||||||||||||||| Interaction ended for patient #95 ||||||||||||||||||||



[2026-04-10 16:36:44,415] [INFO] |||||||||||||||||||| PATIENT #96 ||||||||||||||||||||
[2026-04-10 16:36:44,415] [INFO] ==================== Max Interaction Length (0 turns) Reached --> Force Final Answer ====================
[2026-04-10 16:36:48,668] [INFO] [Expert System]: {'type': 'choice', 'letter_choice': 'D', 'confidence': 0, 'usage': {'input_tokens': 428, 'output_tokens': 2}}
[2026-04-10 16:36:48,668] [INFO] |||||||||||||||||||| Interaction ended for patient #96 ||||||||||||||||||||



[2026-04-10 16:36:48,669] [INFO] |||||||||||||||||||| PATIENT #97 ||||||||||||||||||||
[2026-04-10 16:36:48,669] [INFO] ==================== Max Interaction Length (0 turns) Reached --> Force Final Answer ====================
[2026-04-10 16:36:52,940] [INFO] [Expert System]: {'type': 'choice', 'letter_choice': 'A', 'confidence': 0, 'usage': {'input_tokens': 399, 'output_tokens': 2}}
[2026-04-10 16:36:52,940] [INFO] |||||||||||||||||||| Interaction ended for patient #97 ||||||||||||||||||||



[2026-04-10 16:36:52,940] [INFO] |||||||||||||||||||| PATIENT #98 ||||||||||||||||||||
[2026-04-10 16:36:52,940] [INFO] ==================== Max Interaction Length (0 turns) Reached --> Force Final Answer ====================
[2026-04-10 16:36:57,422] [INFO] [Expert System]: {'type': 'choice', 'letter_choice': 'A', 'confidence': 0, 'usage': {'input_tokens': 491, 'output_tokens': 2}}
[2026-04-10 16:36:57,422] [INFO] |||||||||||||||||||| Interaction ended for patient #98 ||||||||||||||||||||



[2026-04-10 16:36:57,422] [INFO] |||||||||||||||||||| PATIENT #99 ||||||||||||||||||||
[2026-04-10 16:36:57,422] [INFO] ==================== Max Interaction Length (0 turns) Reached --> Force Final Answer ====================
[2026-04-10 16:37:01,268] [INFO] [Expert System]: {'type': 'choice', 'letter_choice': 'B', 'confidence': 0, 'usage': {'input_tokens': 305, 'output_tokens': 2}}
[2026-04-10 16:37:01,268] [INFO] |||||||||||||||||||| Interaction ended for patient #99 ||||||||||||||||||||



