[2026-05-13 12:58:40,201] [INFO] |||||||||||||||||||| PATIENT #0 | GT: C (Ceftriaxone) ||||||||||||||||||||
[2026-05-13 12:58:40,201] [INFO] ==================== Turn 1 ====================
[2026-05-13 12:58:40,201] [INFO] ++++++++++++++++++++ Start of Scale Confidence Score [expert_basics.py:expert_response_scale_score()] ++++++++++++++++++++
[2026-05-13 12:58:40,201] [INFO] [<SCALE SCORE PROMPT>] [len(messages)=2] (messages[-1]):
A patient comes into the clinic presenting with a symptom as described in the conversation log below:
    
PATIENT INFORMATION: A 21-year-old sexually active male complains of fever, pain during urination, and inflammation and pain in the right knee.
CONVERSATION LOG:
None
QUESTION: The mechanism of action of the medication given blocks cell wall synthesis, which of the following was given?
OPTIONS: A: Gentamicin, B: Ciprofloxacin, C: Ceftriaxone, D: Trimethoprim
YOUR TASK: Medical conditions are complex, so you should seek to understand their situations across many features. First, consider which medical specialty is this patient's case; then, consider a list of necessary features a doctor would need to make the right medical judgment; finally, consider whether all necessary information is given in the conversation above. How confident are you to pick the correct option to the problem factually using the conversation log? Choose between the following ratings:
"Very Confident" - The correct option is supported by all evidence, and there is enough evidence to eliminate the rest of the answers, so the option can be confirmed conclusively.
"Somewhat Confident" - I have reasonably enough information to tell that the correct option is more likely than other options, more information is helpful to make a conclusive decision.
"Neither Confident or Unconfident" - There are evident supporting the correct option, but further evidence is needed to be sure which one is the correct option.
"Somewhat Unconfident" - There are evidence supporting more than one options, therefore more questions are needed to further distinguish the options.
"Very Unconfident" - There are not enough evidence supporting any of the options, the likelihood of picking the correct option at this point is near random guessing.

Answer in the following format:
REASON: a one-sentence explanation of why you are or are not confident and what other information is needed.
DECISION: chosen rating from the above list.
[2026-05-13 12:58:40,201] [INFO] -------------------- Self-Consistency Iteration 1 --------------------
[2026-05-13 13:03:42,605] [INFO] |||||||||||||||||||| PATIENT #0 | GT: C (Ceftriaxone) ||||||||||||||||||||
[2026-05-13 13:03:42,605] [INFO] ==================== Turn 1 ====================
[2026-05-13 13:03:42,605] [INFO] ++++++++++++++++++++ Start of Scale Confidence Score [expert_basics.py:expert_response_scale_score()] ++++++++++++++++++++
[2026-05-13 13:03:42,605] [INFO] [<SCALE SCORE PROMPT>] [len(messages)=2] (messages[-1]):
A patient comes into the clinic presenting with a symptom as described in the conversation log below:
    
PATIENT INFORMATION: A 21-year-old sexually active male complains of fever, pain during urination, and inflammation and pain in the right knee.
CONVERSATION LOG:
None
QUESTION: The mechanism of action of the medication given blocks cell wall synthesis, which of the following was given?
OPTIONS: A: Gentamicin, B: Ciprofloxacin, C: Ceftriaxone, D: Trimethoprim
YOUR TASK: Medical conditions are complex, so you should seek to understand their situations across many features. First, consider which medical specialty is this patient's case; then, consider a list of necessary features a doctor would need to make the right medical judgment; finally, consider whether all necessary information is given in the conversation above. How confident are you to pick the correct option to the problem factually using the conversation log? Choose between the following ratings:
"Very Confident" - The correct option is supported by all evidence, and there is enough evidence to eliminate the rest of the answers, so the option can be confirmed conclusively.
"Somewhat Confident" - I have reasonably enough information to tell that the correct option is more likely than other options, more information is helpful to make a conclusive decision.
"Neither Confident or Unconfident" - There are evident supporting the correct option, but further evidence is needed to be sure which one is the correct option.
"Somewhat Unconfident" - There are evidence supporting more than one options, therefore more questions are needed to further distinguish the options.
"Very Unconfident" - There are not enough evidence supporting any of the options, the likelihood of picking the correct option at this point is near random guessing.

Answer in the following format:
REASON: a one-sentence explanation of why you are or are not confident and what other information is needed.
DECISION: chosen rating from the above list.
[2026-05-13 13:03:42,605] [INFO] -------------------- Self-Consistency Iteration 1 --------------------
